MPLINK 4.31, Linker
Linker Map File - Created Thu Oct 26 21:36:04 2023

                                 Section Info
                  Section       Type    Address   Location Size(Bytes)
                ---------  ---------  ---------  ---------  ---------
                   .org_0       code   0x000000    program   0x00004c
                   .cinit    romdata   0x000026    program   0x000004
.config_2007_IRPRENDIENDO.O       code   0x002007    program   0x000002



                              Program Memory Usage 
                               Start         End      
                           ---------   ---------      
                            0x000000    0x000027      
                            0x002007    0x002007      
            41 out of 2183 program addresses used, program memory utilization is 1%



                              Symbols - Sorted by Name
                     Name    Address   Location    Storage File                     
                ---------  ---------  ---------  --------- ---------                
                   CICLO1   0x000004    program     static C:\Users\alanl\Documents\Unla\punto2\4\irPrendiendo.asm
              Regresa_1Ms   0x000020    program     static C:\Users\alanl\Documents\Unla\punto2\4\irPrendiendo.asm
            Retardo_100ms   0x00001b    program     static C:\Users\alanl\Documents\Unla\punto2\4\irPrendiendo.asm
            Retardo_200ms   0x000019    program     static C:\Users\alanl\Documents\Unla\punto2\4\irPrendiendo.asm
        Retardo_Pedido_Ms   0x00001d    program     static C:\Users\alanl\Documents\Unla\punto2\4\irPrendiendo.asm
     Retraso_1miliSegundo   0x00001e    program     static C:\Users\alanl\Documents\Unla\punto2\4\irPrendiendo.asm



                              Symbols - Sorted by Address
                     Name    Address   Location    Storage File                     
                ---------  ---------  ---------  --------- ---------                
                   CICLO1   0x000004    program     static C:\Users\alanl\Documents\Unla\punto2\4\irPrendiendo.asm
            Retardo_200ms   0x000019    program     static C:\Users\alanl\Documents\Unla\punto2\4\irPrendiendo.asm
            Retardo_100ms   0x00001b    program     static C:\Users\alanl\Documents\Unla\punto2\4\irPrendiendo.asm
        Retardo_Pedido_Ms   0x00001d    program     static C:\Users\alanl\Documents\Unla\punto2\4\irPrendiendo.asm
     Retraso_1miliSegundo   0x00001e    program     static C:\Users\alanl\Documents\Unla\punto2\4\irPrendiendo.asm
              Regresa_1Ms   0x000020    program     static C:\Users\alanl\Documents\Unla\punto2\4\irPrendiendo.asm


