MPLINK 4.31, Linker
Linker Map File - Created Tue Oct 24 22:21:23 2023

                                 Section Info
                  Section       Type    Address   Location Size(Bytes)
                ---------  ---------  ---------  ---------  ---------
                   .org_0       code   0x000000    program   0x000030
                   .cinit    romdata   0x000018    program   0x000004
.config_2007_ENCENDERAPAGAR1SEGUNDO.O       code   0x002007    program   0x000002



                              Program Memory Usage 
                               Start         End      
                           ---------   ---------      
                            0x000000    0x000019      
                            0x002007    0x002007      
            27 out of 2183 program addresses used, program memory utilization is 1%



                              Symbols - Sorted by Name
                     Name    Address   Location    Storage File                     
                ---------  ---------  ---------  --------- ---------                
                   ARRIBA   0x00000d    program     static C:\Users\alanl\Documents\Unla\punto2\encender y apagar\encenderApagar1segundo.asm
                   BUCLE1   0x00000f    program     static C:\Users\alanl\Documents\Unla\punto2\encender y apagar\encenderApagar1segundo.asm
                   CICLO1   0x000004    program     static C:\Users\alanl\Documents\Unla\punto2\encender y apagar\encenderApagar1segundo.asm
                  REPITE1   0x000011    program     static C:\Users\alanl\Documents\Unla\punto2\encender y apagar\encenderApagar1segundo.asm
                RETARDO1S   0x00000b    program     static C:\Users\alanl\Documents\Unla\punto2\encender y apagar\encenderApagar1segundo.asm



                              Symbols - Sorted by Address
                     Name    Address   Location    Storage File                     
                ---------  ---------  ---------  --------- ---------                
                   CICLO1   0x000004    program     static C:\Users\alanl\Documents\Unla\punto2\encender y apagar\encenderApagar1segundo.asm
                RETARDO1S   0x00000b    program     static C:\Users\alanl\Documents\Unla\punto2\encender y apagar\encenderApagar1segundo.asm
                   ARRIBA   0x00000d    program     static C:\Users\alanl\Documents\Unla\punto2\encender y apagar\encenderApagar1segundo.asm
                   BUCLE1   0x00000f    program     static C:\Users\alanl\Documents\Unla\punto2\encender y apagar\encenderApagar1segundo.asm
                  REPITE1   0x000011    program     static C:\Users\alanl\Documents\Unla\punto2\encender y apagar\encenderApagar1segundo.asm


